// Jest Snapshot v1, https://goo.gl/fbAQLP

exports[`Pet that it matches an existing snapshot 1`] = `
<Pet>
  <article>
    <h3>
      Pet 
    </h3>
    <p>
      <strong>
        Age: 
      </strong>
       
    </p>
    <p>
      <strong>
        Breed: 
      </strong>
       
    </p>
    <p />
  </article>
</Pet>
`;
